// Jest Snapshot v1, https://goo.gl/fbAQLP

exports[`Navbar is rendered 1`] = `
<div>
  <nav
    className="navbar navbar-expand-lg navbar-light "
    id="mainNav"
  >
    <div
      className="container mx-auto "
    >
      <a
        className="navbar-brand"
        href="#jumbotron"
      >
        Cian's Work
      </a>
      <button
        aria-controls="navbarResponsive"
        aria-expanded="false"
        aria-label="Toggle navigation"
        className="navbar-toggler navbar-toggler-right"
        data-target="#navbarResponsive"
        data-toggle="collapse"
        type="button"
      >
        <span
          className="navbar-toggler-icon"
        />
      </button>
      <div
        className="collapse navbar-collapse "
        id="navbarResponsive"
      >
        <ul
          className="navbar-nav ml-auto"
        >
          <li
            className="nav-item"
          >
            <a
              className="nav-link js-scroll-trigger"
              href="#about"
            >
              About
            </a>
          </li>
          <li
            className="nav-item"
          >
            <a
              className="nav-link js-scroll-trigger"
              href="#projects"
            >
              Project
            </a>
          </li>
          <li
            className="nav-item"
          >
            <a
              className="nav-link js-scroll-trigger"
              href="#contact"
            >
              Contact
            </a>
          </li>
          <li
            className="nav-item"
          >
            <a
              className="nav-link js-scroll-trigger"
              href="https://drive.google.com/file/d/1XjSEkJNjIpcjNdtNM3osbvoj3HVqUCIb/view?usp=sharing"
              target="_blank"
            >
              Download CV
            </a>
          </li>
        </ul>
      </div>
    </div>
  </nav>
</div>
`;
