// Jest Snapshot v1, https://goo.gl/fbAQLP

exports[`Bar is rendered 1`] = `
Array [
  <div
    className="react-reveal row"
    style={
      Object {
        "opacity": undefined,
      }
    }
  >
    <div
      className="col-lg"
    >
      <p
        className="text-muted mb-0"
      >
        HTML
      </p>
      <div
        className="progress"
      >
        <div
          aria-valuemax={100}
          aria-valuemin="0"
          aria-valuenow="90"
          className="progress-bar progress-bar-animated progress-bar-striped"
          role="progressbar"
          style={
            Object {
              "width": "90%",
            }
          }
        >
          <span
            className="title"
          >
            90
            %
          </span>
        </div>
      </div>
    </div>
  </div>,
  <br
    className="react-reveal"
    style={
      Object {
        "opacity": undefined,
      }
    }
  />,
]
`;
