// Jest Snapshot v1, https://goo.gl/fbAQLP

exports[`Icon is rendered 1`] = `
<div
  className="service-box mt-5 mx-auto"
>
  <h3
    className="mb-3"
  >
    Spaceship
  </h3>
  <p
    className="text-muted mb-0"
  >
    This goes to space!
  </p>
</div>
`;
